computing gzip size...
dist/index.html                                                0.91 kB │ gzip:     0.46 kB
dist/assets/geist-cyrillic-ext-wght-normal-DjL33-gN.woff2      7.42 kB
dist/assets/geist-vietnamese-wght-normal-6IgcOCM7.woff2        8.00 kB
dist/assets/geist-cyrillic-wght-normal-BEAKL7Jp.woff2         15.08 kB
dist/assets/geist-latin-ext-wght-normal-DC-KSUi6.woff2        16.51 kB
dist/assets/geist-latin-wght-normal-BgDaEnEv.woff2            29.40 kB
dist/assets/index-CSnn-eVe.css                               137.56 kB │ gzip:    21.03 kB
dist/assets/index-iMqEEeLF.js                              4,566.27 kB │ gzip: 1,003.45 kB

(!) Some chunks are larger than 500 kB after minification. Consider:
- Using dynamic import() to code-split the application
- Use build.rollupOptions.output.manualChunks to improve chunking: https://rollupjs.org/configuration-options/#output-manualchunks
- Adjust chunk size limit for this warning via build.chunkSizeWarningLimit.
✓ built in 18.85s

  dist/server.cjs      21.9kb
  dist/server.cjs.map  36.0kb

⚡ Done in 10ms
