=== Command 1 ===
> react-example@0.0.0 build
> vite build && esbuild server.ts --bundle --platform=node --format=cjs --packages=external --sourcemap --outfile=dist/server.cjs

vite v6.4.3 building for production...
transforming...
✓ 3041 modules transformed.
[plugin vite:reporter] 
(!) /app/applet/src/lib/supabase.ts is dynamically imported by /app/applet/src/pages/Login.tsx, /app/applet/src/pages/Login.tsx, /app/applet/src/pages/Login.tsx but also statically imported by /app/applet/src/components/BranchSettings.tsx, /app/applet/src/components/BrandingWhiteLabelSettings.tsx, /app/applet/src/components/BusinessProfileSettings.tsx, /app/applet/src/components/ChangePasswordCard.tsx, /app/applet/src/components/NotificationBell.tsx, /app/applet/src/components/PaymentComponents.tsx, /app/applet/src/components/ServiceProviderKYCView.tsx, /app/applet/src/components/SettingsGeneral.tsx, /app/applet/src/components/SettingsView.tsx, /app/applet/src/components/StaffRolesView.tsx, /app/applet/src/components/UserActivityTimelineModal.tsx, /app/applet/src/components/WalletComponents.tsx, /app/applet/src/components/WhiteLabelRequestsView.tsx, /app/applet/src/components/auth/ResetPasswordModal.tsx, /app/applet/src/components/consumer/CompleteProfileModal.tsx, /app/applet/src/components/consumer/ConsumerAuthModal.tsx, /app/applet/src/components/consumer/ConsumerProfileView.tsx, /app/applet/src/components/consumer/LiveTrackingMap.tsx, /app/applet/src/components/consumer/MoveView.tsx, /app/applet/src/components/consumer/OrderHistoryView.tsx, /app/applet/src/components/consumer/RideHistoryView.tsx, /app/applet/src/components/consumer/SavedAddressesView.tsx, /app/applet/src/components/hospitality/HospitalityComponents.tsx, /app/applet/src/components/mart/HeroCarousel.tsx, /app/applet/src/components/mart/MartHome.tsx, /app/applet/src/components/mart/SponsoredBanner.tsx, /app/applet/src/components/payments/BillingSubscriptionView.tsx, /app/applet/src/components/payments/ConsumerDirectoryView.tsx, /app/applet/src/components/payments/SubscriptionPlanManager.tsx, /app/applet/src/components/payments/WalletAnalyticsView.tsx, /app/applet/src/components/reports/BankReconciliationView.tsx, /app/applet/src/components/reports/BatchReportView.tsx, /app/applet/src/components/reports/CompanyLedgerView.tsx, /app/applet/src/components/reports/InwardPaymentReportView.tsx, /app/applet/src/components/reports/OutwardPaymentReportView.tsx, /app/applet/src/components/reports/PurchaseOutstandingView.tsx, /app/applet/src/components/reports/PurchaseReportView.tsx, /app/applet/src/components/reports/RecurringInvoicesView.tsx, /app/applet/src/components/reports/SaleOutstandingView.tsx, /app/applet/src/components/reports/SaleReportView.tsx, /app/applet/src/components/reports/SalesByProductReport.tsx, /app/applet/src/components/reports/ShiftReport.tsx, /app/applet/src/components/reports/StockReportView.tsx, /app/applet/src/components/retail/CreateCreditNote.tsx, /app/applet/src/components/retail/CreateDebitNote.tsx, /app/applet/src/components/retail/CreateDeliveryChallanInward.tsx, /app/applet/src/components/retail/CreateDeliveryChallanOutward.tsx, /app/applet/src/components/retail/CreateInwardPayment.tsx, /app/applet/src/components/retail/CreateOutwardPayment.tsx, /app/applet/src/components/retail/CreatePurchaseInvoice.tsx, /app/applet/src/components/retail/CreateSaleInvoice.tsx, /app/applet/src/components/retail/CreditNoteList.tsx, /app/applet/src/components/retail/CustomerSupplierForm.tsx, /app/applet/src/components/retail/DebitNoteList.tsx, /app/applet/src/components/retail/DeliveryChallanInwardList.tsx, /app/applet/src/components/retail/DeliveryChallanOutwardList.tsx, /app/applet/src/components/retail/InvoiceHistory.tsx, /app/applet/src/components/retail/InwardPaymentList.tsx, /app/applet/src/components/retail/LabelPrintModal.tsx, /app/applet/src/components/retail/OutwardPaymentList.tsx, /app/applet/src/components/retail/PartyLedgerModal.tsx, /app/applet/src/components/retail/PlatformUsageWalletView.tsx, /app/applet/src/components/retail/PurchaseInvoices.tsx, /app/applet/src/components/retail/RetailCustomerSupplier.tsx, /app/applet/src/components/retail/RetailDashboard.tsx, /app/applet/src/components/retail/RetailDiscountsOffers.tsx, /app/applet/src/components/retail/RetailPOSFullScreen.tsx, /app/applet/src/components/retail/RetailProductsInventory.tsx, /app/applet/src/components/retail/RetailPurchases.tsx, /app/applet/src/components/retail/RetailStoreSettings.tsx, /app/applet/src/components/retail/StaffActivityView.tsx, /app/applet/src/components/services/ProviderProfileForm.tsx, /app/applet/src/components/services/RiderJobsView.tsx, /app/applet/src/components/services/ServicesAdminSettings.tsx, /app/applet/src/components/services/StaffTeamView.tsx, /app/applet/src/components/superadmin/MartSponsoredAdminView.tsx, /app/applet/src/components/superadmin/MerchantProfileModal.tsx, /app/applet/src/components/superadmin/PlanFeatureMatrix.tsx, /app/applet/src/components/superadmin/PlatformRatesSettings.tsx, /app/applet/src/components/superadmin/UsageRateCardEditor.tsx, /app/applet/src/components/superadmin/WithdrawalRequestsView.tsx, /app/applet/src/contexts/AuthContext.tsx, /app/applet/src/contexts/TenantContext.tsx, /app/applet/src/hooks/useModules.ts, /app/applet/src/hooks/usePlans.ts, /app/applet/src/pages/Checkout.tsx, /app/applet/src/pages/ConfirmLink.tsx, /app/applet/src/pages/Landing.tsx, /app/applet/src/pages/MerchantDashboard.tsx, /app/applet/src/pages/PublicApp.tsx, /app/applet/src/pages/RiderApp.tsx, /app/applet/src/pages/RiderLoginScreen.tsx, /app/applet/src/pages/ScanAndGo.tsx, /app/applet/src/pages/SetPassword.tsx, /app/applet/src/pages/SuperAdmin.tsx, dynamic import will not move module into another chunk.

rendering chunks...
computing gzip size...
dist/index.html                                                0.91 kB │ gzip:     0.46 kB
dist/assets/geist-cyrillic-ext-wght-normal-DjL33-gN.woff2      7.42 kB
dist/assets/geist-vietnamese-wght-normal-6IgcOCM7.woff2        8.00 kB
dist/assets/geist-cyrillic-wght-normal-BEAKL7Jp.woff2         15.08 kB
dist/assets/geist-latin-ext-wght-normal-DC-KSUi6.woff2        16.51 kB
dist/assets/geist-latin-wght-normal-BgDaEnEv.woff2            29.40 kB
dist/assets/index-BB_LOAyc.css                               134.24 kB │ gzip:    20.51 kB
dist/assets/index-DwneJfDu.js                              6,043.40 kB │ gzip: 1,266.02 kB

(!) Some chunks are larger than 500 kB after minification. Consider:
- Using dynamic import() to code-split the application
- Use build.rollupOptions.output.manualChunks to improve chunking: https://rollupjs.org/configuration-options/#output-manualchunks
- Adjust chunk size limit for this warning via build.chunkSizeWarningLimit.
✓ built in 28.57s

  dist/server.cjs       63.6kb
  dist/server.cjs.map  106.6kb

⚡ Done in 40ms
=== Command 2 ===
130:    const invalidItem = includedItems.find(it => !(parseFloat(it.quantity) > 0));
131:    if (invalidItem) {
132:      toast.error(`Please enter a valid quantity (greater than 0) for "${invalidItem.item_name}"`);
=== Command 3 ===
1:import { useState, useEffect } from 'react';
2:import { useAuth } from '@/src/contexts/AuthContext';
3:import { getSupabaseClient } from '@/src/lib/supabase';
4:import { printBillForChannel, BillData } from '@/src/lib/billRenderer';
5:import { tenantScopedKey } from '@/src/lib/tenantStorage';
6:import { Button } from '@/src/components/ui/button';
7:import { Input } from '@/src/components/ui/input';
8:import { Card, CardContent } from '@/src/components/ui/card';
9:import { ArrowLeft } from 'lucide-react';
10:import { toast } from 'sonner';
11:
12:interface NoteItem {
13:  product_id: string | null;
14:  item_name: string;
15:  hsn_code: string;
16:  quantity: string;
17:  rate: string;
18:  gst_rate_percent: number;
19:  included: boolean;
20:}
21:
22:export function CreateDebitNote({ onBack }: { onBack: () => void }) {
23:  const { currentTenantId, user, activeBranchId } = useAuth();
24:  const [sourceType, setSourceType] = useState<'purchase_invoice' | 'delivery_challan_inward'>('purchase_invoice');
25:  const [suppliers, setSuppliers] = useState<any[]>([]);
26:  const [selectedSupplier, setSelectedSupplier] = useState<any>(null);
27:  const [supplierSearch, setSupplierSearch] = useState('');
28:  const [showSupplierDropdown, setShowSupplierDropdown] = useState(false);
29:  const [sourceDocs, setSourceDocs] = useState<any[]>([]);
30:  const [selectedSourceId, setSelectedSourceId] = useState('');
31:  const [items, setItems] = useState<NoteItem[]>([]);
32:  const [reason, setReason] = useState('');
33:  const [noteNumber, setNoteNumber] = useState('');
34:  const [saving, setSaving] = useState(false);
35:  const [loadingItems, setLoadingItems] = useState(false);
36:
37:  useEffect(() => {
38:    const fetchSuppliers = async () => {
39:      const supabase = getSupabaseClient();
40:      if (!supabase || !currentTenantId) return;
41:      const { data } = await supabase.rpc('get_suppliers_with_balance', { p_tenant_id: currentTenantId });
42:      setSuppliers(data || []);
43:    };
44:    fetchSuppliers();
45:
46:    const saved = localStorage.getItem(tenantScopedKey('posSettings', currentTenantId));
47:    const prefix = (saved ? JSON.parse(saved) : null)?.['debit_note']?.prefix || 'DN-';
48:    setNoteNumber(prefix + Date.now().toString().slice(-8));
49:  }, [currentTenantId]);
50:
51:  const handleSelectSupplier = async (sup: any) => {
52:    setSelectedSupplier(sup);
53:    setSupplierSearch('');
54:    setShowSupplierDropdown(false);
55:    setSelectedSourceId('');
56:    setItems([]);
57:    await fetchSourceDocs(sup.id, sourceType);
58:  };
59:
60:  const fetchSourceDocs = async (supplierId: string, type: 'purchase_invoice' | 'delivery_challan_inward') => {
61:    const supabase = getSupabaseClient();
62:    if (!supabase || !currentTenantId) return;
63:    if (type === 'purchase_invoice') {
64:      const { data } = await supabase.from('purchase_orders').select('id, po_number, total_amount').eq('tenant_id', currentTenantId).eq('supplier_id', supplierId).order('created_at', { ascending: false });
65:      setSourceDocs(data || []);
66:    } else {
67:      const { data } = await supabase.from('delivery_challans_inward').select('id, challan_number, created_at').eq('tenant_id', currentTenantId).eq('supplier_id', supplierId).order('created_at', { ascending: false });
68:      setSourceDocs(data || []);
69:    }
70:  };
71:
72:  const handleSourceTypeChange = async (type: 'purchase_invoice' | 'delivery_challan_inward') => {
73:    setSourceType(type);
74:    setSelectedSourceId('');
75:    setItems([]);
76:    if (selectedSupplier) await fetchSourceDocs(selectedSupplier.id, type);
77:  };
78:
79:  const handleSelectSource = async (sourceId: string) => {
80:    setSelectedSourceId(sourceId);
81:    setLoadingItems(true);
82:    const supabase = getSupabaseClient();
83:    if (!supabase) { setLoadingItems(false); return; }
84:
85:    if (sourceType === 'purchase_invoice') {
86:      const { data } = await supabase.from('purchase_order_items').select('*, products(product_name, hsn_code)').eq('purchase_order_id', sourceId);
87:      setItems((data || []).map((it: any) => ({
88:        product_id: it.product_id || null,
89:        item_name: it.products?.product_name || 'Item',
90:        hsn_code: it.hsn_code || it.products?.hsn_code || '',
91:        quantity: String(it.ordered_quantity),
92:        rate: String(it.unit_cost),
93:        gst_rate_percent: Number(it.gst_rate_percent) || 0,
94:        included: false
95:      })));
96:    } else {
97:      const { data } = await supabase.from('delivery_challan_inward_items').select('*').eq('challan_id', sourceId);
98:      setItems((data || []).map((it: any) => ({
99:        product_id: it.product_id || null,
100:        item_name: it.item_name || 'Item',
101:        hsn_code: it.hsn_code || '',
102:        quantity: String(it.quantity),
103:        rate: String(it.unit_cost),
104:        gst_rate_percent: (Number(it.cgst) || 0) + (Number(it.sgst) || 0) + (Number(it.igst) || 0),
105:        included: false
106:      })));
107:    }
108:    setLoadingItems(false);
109:  };
110:
111:  const toggleItem = (idx: number) => {
112:    setItems(prev => prev.map((it, i) => i === idx ? { ...it, included: !it.included } : it));
113:  };
114:
115:  const updateItemField = (idx: number, field: 'quantity' | 'rate', value: string) => {
116:    setItems(prev => prev.map((it, i) => i === idx ? { ...it, [field]: value } : it));
117:  };
118:
119:  const includedItems = items.filter(it => it.included);
120:  const grandTotal = includedItems.reduce((sum, it) => {
121:    const base = (parseFloat(it.quantity) || 0) * (parseFloat(it.rate) || 0);
122:    return sum + base + (base * it.gst_rate_percent / 100);
123:  }, 0);
124:
125:  const handleSubmit = async () => {
126:    if (!selectedSupplier || !selectedSourceId || includedItems.length === 0 || !currentTenantId || !user || !activeBranchId) {
127:      toast.error('Please select a supplier, source document, and at least one item to return');
128:      return;
129:    }
130:    const invalidItem = includedItems.find(it => !(parseFloat(it.quantity) > 0));
131:    if (invalidItem) {
132:      toast.error(`Please enter a valid quantity (greater than 0) for "${invalidItem.item_name}"`);
133:      return;
134:    }
135:    setSaving(true);
136:    const supabase = getSupabaseClient();
137:    if (!supabase) { setSaving(false); return; }
138:
139:    try {
140:      const rpcItems = includedItems.map(it => ({
141:        product_id: it.product_id,
142:        item_name: it.item_name,
143:        hsn_code: it.hsn_code || null,
144:        quantity: parseFloat(it.quantity) || 0,
145:        rate: parseFloat(it.rate) || 0,
146:        gst_rate_percent: it.gst_rate_percent
147:      }));
148:
149:      const { data: noteId, error } = await supabase.rpc('create_debit_note', {
150:        p_tenant_id: currentTenantId,
151:        p_branch_id: activeBranchId,
152:        p_supplier_id: selectedSupplier.id,
153:        p_note_number: noteNumber,
154:        p_source_type: sourceType,
155:        p_source_id: selectedSourceId,
156:        p_reason: reason || null,
157:        p_items: rpcItems,
158:        p_created_by: user.id
159:      });
160:
161:      if (error) throw error;
162:
163:      try {
164:        const saved = localStorage.getItem(tenantScopedKey('posSettings', currentTenantId));
165:        const printerSize = (saved ? JSON.parse(saved) : null)?.['debit_note']?.printerSize || 'A4';
166:        const { data: branchInfo } = await supabase.from('branches').select('branch_name, address').eq('id', activeBranchId).maybeSingle();
167:        const { data: tenantData } = await supabase.from('tenants').select('business_name').eq('id', currentTenantId).maybeSingle();
168:        const { data: brandingInfo } = await supabase.from('print_branding_settings').select('*').eq('tenant_id', currentTenantId).maybeSingle();
169:
170:        const billData: BillData = {
171:          business: {
172:            name: tenantData?.business_name || 'Your Business',
173:            branch_name: branchInfo?.branch_name,
174:            address: branchInfo?.address,
175:            show_branch_name: brandingInfo?.show_branch_name !== false,
176:            show_branch_address: brandingInfo?.show_branch_address !== false,
177:            stamp_url: brandingInfo?.stamp_url
178:          },
179:          customer: { name: selectedSupplier.supplier_name, phone: selectedSupplier.contact_phone, address: selectedSupplier.address },
180:          customer_info_label: 'Supplier',
181:          meta: { label: 'Debit Note', number: noteNumber, date: new Date().toLocaleDateString() },
182:          items: includedItems.map(it => {
183:            const base = (parseFloat(it.quantity) || 0) * (parseFloat(it.rate) || 0);
184:            return {
185:              name: it.item_name, hsn: it.hsn_code, qty: parseFloat(it.quantity) || 0, rate: parseFloat(it.rate) || 0,
186:              tax: it.gst_rate_percent > 0 ? `${it.gst_rate_percent}%` : undefined,
187:              amount: base + (base * it.gst_rate_percent / 100)
188:            };
189:          }),
190:          totals: { grand_total: grandTotal },
191:          footer: { stamp_url: brandingInfo?.stamp_url },
192:          bill_number_code_type: brandingInfo?.bill_number_code_type || 'none'
193:        };
194:
195:        await printBillForChannel(supabase, currentTenantId, 'debit_note', billData, printerSize);
196:      } catch (printErr: any) {
197:        console.error('Failed to print debit note:', printErr.message);
198:      }
199:
200:      toast.success('Debit Note created successfully');
201:      onBack();
202:    } catch (err: any) {
203:      toast.error(err.message || 'Failed to create debit note');
204:    } finally {
205:      setSaving(false);
206:    }
207:  };
208:
209:  const filteredSuppliers = suppliers.filter((s: any) => s.supplier_name?.toLowerCase().includes(supplierSearch.toLowerCase()));
210:
211:  return (
212:    <div className="p-6 md:p-8 max-w-4xl mx-auto space-y-6">
213:      <Button variant="outline" size="sm" onClick={onBack} className="mb-2">
214:        <ArrowLeft className="h-4 w-4 mr-2" /> Back
215:      </Button>
216:      <div>
217:        <h2 className="text-2xl font-bold text-slate-900 dark:text-slate-100">Create Debit Note</h2>
218:        <p className="text-slate-500 dark:text-slate-400">Record a purchase return or correction, reducing what you owe the supplier.</p>
219:      </div>
220:
221:      <Card>
222:        <CardContent className="p-6 space-y-4">
223:          <div>
224:            <label className="text-sm font-medium">DN Number</label>
225:            <Input value={noteNumber} onChange={(e) => setNoteNumber(e.target.value)} />
226:          </div>
227:
228:          <div>
229:            <label className="text-sm font-medium">Against</label>
230:            <div className="flex gap-2 mt-1">
231:              <button onClick={() => handleSourceTypeChange('purchase_invoice')} className={"flex-1 py-2 rounded-xl text-sm font-semibold border-2 " + (sourceType === 'purchase_invoice' ? 'border-primary text-primary' : 'border-slate-200 dark:border-slate-800 text-slate-500')}>Purchase Invoice</button>
232:              <button onClick={() => handleSourceTypeChange('delivery_challan_inward')} className={"flex-1 py-2 rounded-xl text-sm font-semibold border-2 " + (sourceType === 'delivery_challan_inward' ? 'border-primary text-primary' : 'border-slate-200 dark:border-slate-800 text-slate-500')}>Delivery Challan</button>
233:            </div>
234:          </div>
235:
236:          {!selectedSupplier ? (
237:            <div>
238:              <label className="text-sm font-medium">Supplier</label>
239:              <Input placeholder="Click or type to search supplier..." value={supplierSearch} onChange={(e) => setSupplierSearch(e.target.value)} onFocus={() => setShowSupplierDropdown(true)} onBlur={() => setTimeout(() => setShowSupplierDropdown(false), 200)} />
240:              {showSupplierDropdown && (
241:                <div className="mt-2 border border-slate-200 dark:border-slate-800 rounded-lg max-h-64 overflow-y-auto">
242:                  {filteredSuppliers.map((s: any) => (
243:                    <button key={s.id} onClick={() => handleSelectSupplier(s)} className="w-full text-left px-3 py-2 hover:bg-slate-50 dark:hover:bg-slate-900 text-sm border-b border-slate-100 dark:border-slate-800 last:border-0">
244:                      <div className="font-medium">{s.supplier_name}</div>
245:                      <div className="text-xs text-slate-400">{s.contact_phone || ''}{s.address ? ' · ' + s.address : ''}</div>
246:                    </button>
247:                  ))}
248:                </div>
249:              )}
250:            </div>
251:          ) : (
252:            <div className="flex justify-between items-center bg-slate-50 dark:bg-slate-900 rounded-xl p-4">
253:              <p className="font-bold">{selectedSupplier.supplier_name}</p>
254:              <button onClick={() => { setSelectedSupplier(null); setSourceDocs([]); setItems([]); }} className="text-xs text-primary font-semibold">Change</button>
255:            </div>
256:          )}
257:
258:          {selectedSupplier && (
259:            <div>
260:              <label className="text-sm font-medium">{sourceType === 'purchase_invoice' ? 'Purchase Invoice' : 'Delivery Challan'}</label>
261:              <select value={selectedSourceId} onChange={(e) => handleSelectSource(e.target.value)} className="w-full h-10 rounded-lg border border-slate-200 dark:border-slate-800 bg-white dark:bg-slate-950 px-3 text-sm">
262:                <option value="">Select document</option>
263:                {sourceDocs.map((d: any) => (
264:                  <option key={d.id} value={d.id}>{d.po_number || d.challan_number} {d.total_amount ? '— ₹' + d.total_amount : ''}</option>
265:                ))}
266:              </select>
267:            </div>
268:          )}
269:
270:          {loadingItems ? (
271:            <p className="text-sm text-slate-400 py-3">Loading items...</p>
272:          ) : items.length > 0 && (
273:            <div>
274:              <label className="text-sm font-medium">Items to Return (check items and adjust quantity)</label>
275:              <div className="mt-2 border border-slate-200 dark:border-slate-800 rounded-lg divide-y divide-slate-100 dark:divide-slate-800">
276:                {items.map((it, idx) => (
277:                  <div key={idx} className="flex items-center gap-3 p-3">
278:                    <input type="checkbox" checked={it.included} onChange={() => toggleItem(idx)} className="h-4 w-4" />
279:                    <div className="flex-1">
280:                      <p className="text-sm font-medium">{it.item_name}</p>
281:                      <p className="text-xs text-slate-500">HSN: {it.hsn_code || '-'} · GST: {it.gst_rate_percent}%</p>
282:                    </div>
283:                    <Input type="number" className="w-20 h-8" placeholder="Qty" value={it.quantity} disabled={!it.included} onChange={(e) => updateItemField(idx, 'quantity', e.target.value)} />
284:                    <Input type="number" className="w-24 h-8" placeholder="Rate" value={it.rate} disabled={!it.included} onChange={(e) => updateItemField(idx, 'rate', e.target.value)} />
285:                  </div>
286:                ))}
287:              </div>
288:            </div>
289:          )}
290:
291:          <div>
292:            <label className="text-sm font-medium">Reason</label>
293:            <Input placeholder="e.g. Goods returned to supplier, Billing correction" value={reason} onChange={(e) => setReason(e.target.value)} />
294:          </div>
295:
296:          <div className="flex justify-between items-center bg-slate-50 dark:bg-slate-900 rounded-xl p-4">
297:            <span className="font-bold">Total Debit Amount</span>
298:            <span className="text-xl font-extrabold text-emerald-600">₹{grandTotal.toFixed(2)}</span>
299:          </div>
300:
301:          <Button className="w-full h-12" onClick={handleSubmit} disabled={saving || includedItems.length === 0}>
302:            {saving ? 'Creating...' : 'Create Debit Note'}
303:          </Button>
304:        </CardContent>
305:      </Card>
306:    </div>
307:  );
308:}
=== Command 4 ===
